

================================================================
== Vivado HLS Report for 'effect_iir'
================================================================
* Date:           Sun Mar 15 02:30:38 2020

* Version:        2019.1.3 (Build 2642998 on Wed Sep 04 10:25:22 MDT 2019)
* Project:        pynq_dsp_hls
* Solution:       pynq_dsp_hls
* Product family: zynq
* Target device:  xc7z020-clg400-1


================================================================
== Performance Estimates
================================================================
+ Timing (ns): 
    * Summary: 
    +--------+-------+----------+------------+
    |  Clock | Target| Estimated| Uncertainty|
    +--------+-------+----------+------------+
    |ap_clk  |   8.00|     6.846|        1.00|
    +--------+-------+----------+------------+

+ Latency (clock cycles): 
    * Summary: 
    +-----+-----+-----+-----+---------+
    |  Latency  |  Interval | Pipeline|
    | min | max | min | max |   Type  |
    +-----+-----+-----+-----+---------+
    |   37|   37|   37|   37|   none  |
    +-----+-----+-----+-----+---------+

    + Detail: 
        * Instance: 
        N/A

        * Loop: 
        N/A



================================================================
== Utilization Estimates
================================================================
* Summary: 
+-----------------+---------+-------+--------+-------+-----+
|       Name      | BRAM_18K| DSP48E|   FF   |  LUT  | URAM|
+-----------------+---------+-------+--------+-------+-----+
|DSP              |        -|      -|       -|      -|    -|
|Expression       |        -|      -|       0|    117|    -|
|FIFO             |        -|      -|       -|      -|    -|
|Instance         |        -|     14|     878|   1702|    -|
|Memory           |        -|      -|       -|      -|    -|
|Multiplexer      |        -|      -|       -|    488|    -|
|Register         |        -|      -|     683|      -|    -|
+-----------------+---------+-------+--------+-------+-----+
|Total            |        0|     14|    1561|   2307|    0|
+-----------------+---------+-------+--------+-------+-----+
|Available        |      280|    220|  106400|  53200|    0|
+-----------------+---------+-------+--------+-------+-----+
|Utilization (%)  |        0|      6|       1|      4|    0|
+-----------------+---------+-------+--------+-------+-----+

+ Detail: 
    * Instance: 
    +-------------------------+----------------------+---------+-------+-----+-----+-----+
    |         Instance        |        Module        | BRAM_18K| DSP48E|  FF | LUT | URAM|
    +-------------------------+----------------------+---------+-------+-----+-----+-----+
    |pynq_dsp_hls_faddbkb_U1  |pynq_dsp_hls_faddbkb  |        0|      2|  306|  418|    0|
    |pynq_dsp_hls_fmulcud_U2  |pynq_dsp_hls_fmulcud  |        0|      3|  143|  321|    0|
    |pynq_dsp_hls_fmulcud_U3  |pynq_dsp_hls_fmulcud  |        0|      3|  143|  321|    0|
    |pynq_dsp_hls_fmulcud_U4  |pynq_dsp_hls_fmulcud  |        0|      3|  143|  321|    0|
    |pynq_dsp_hls_fmulcud_U5  |pynq_dsp_hls_fmulcud  |        0|      3|  143|  321|    0|
    +-------------------------+----------------------+---------+-------+-----+-----+-----+
    |Total                    |                      |        0|     14|  878| 1702|    0|
    +-------------------------+----------------------+---------+-------+-----+-----+-----+

    * DSP48E: 
    N/A

    * Memory: 
    N/A

    * FIFO: 
    N/A

    * Expression: 
    +--------------------+----------+-------+---+----+------------+------------+
    |    Variable Name   | Operation| DSP48E| FF| LUT| Bitwidth P0| Bitwidth P1|
    +--------------------+----------+-------+---+----+------------+------------+
    |or_ln110_fu_373_p2  |    or    |      0|  0|   9|           9|           2|
    |or_ln111_fu_430_p2  |    or    |      0|  0|   9|           9|           3|
    |or_ln112_fu_255_p2  |    or    |      0|  0|   9|           9|           3|
    |or_ln113_fu_270_p2  |    or    |      0|  0|   9|           9|           3|
    |or_ln114_fu_331_p2  |    or    |      0|  0|   9|           9|           3|
    |or_ln117_fu_397_p2  |    or    |      0|  0|   9|           9|           4|
    |or_ln118_fu_416_p2  |    or    |      0|  0|   9|           9|           4|
    |or_ln119_fu_444_p2  |    or    |      0|  0|   9|           9|           4|
    |or_ln120_fu_458_p2  |    or    |      0|  0|   9|           9|           4|
    |or_ln121_fu_284_p2  |    or    |      0|  0|   9|           9|           4|
    |or_ln122_fu_298_p2  |    or    |      0|  0|   9|           9|           4|
    |or_ln123_fu_345_p2  |    or    |      0|  0|   9|           9|           4|
    |or_ln124_fu_359_p2  |    or    |      0|  0|   9|           9|           4|
    +--------------------+----------+-------+---+----+------------+------------+
    |Total               |          |      0|  0| 117|         117|          46|
    +--------------------+----------+-------+---+----+------------+------------+

    * Multiplexer: 
    +-------------------+-----+-----------+-----+-----------+
    |        Name       | LUT | Input Size| Bits| Total Bits|
    +-------------------+-----+-----------+-----+-----------+
    |ap_NS_fsm          |  173|         39|    1|         39|
    |config_r_address0  |  101|         21|    8|        168|
    |config_r_d0        |   41|          8|   32|        256|
    |grp_fu_184_p0      |   27|          5|   32|        160|
    |grp_fu_184_p1      |   38|          7|   32|        224|
    |grp_fu_188_p0      |   33|          6|   32|        192|
    |grp_fu_188_p1      |   33|          6|   32|        192|
    |grp_fu_193_p0      |   21|          4|   32|        128|
    |grp_fu_193_p1      |   21|          4|   32|        128|
    +-------------------+-----+-----------+-----+-----------+
    |Total              |  488|        100|  233|       1487|
    +-------------------+-----+-----------+-----+-----------+

    * Register: 
    +------------------------+----+----+-----+-----------+
    |          Name          | FF | LUT| Bits| Const Bits|
    +------------------------+----+----+-----+-----------+
    |ap_CS_fsm               |  38|   0|   38|          0|
    |b0_reg_578              |  32|   0|   32|          0|
    |b1_reg_583              |  32|   0|   32|          0|
    |b2_reg_629              |  32|   0|   32|          0|
    |config_addr_10_reg_561  |   4|   0|    8|          4|
    |config_addr_11_reg_614  |   4|   0|    8|          4|
    |config_addr_12_reg_619  |   4|   0|    8|          4|
    |config_addr_5_reg_639   |   4|   0|    8|          4|
    |config_addr_6_reg_649   |   4|   0|    8|          4|
    |config_addr_7_reg_664   |   4|   0|    8|          4|
    |config_addr_8_reg_669   |   4|   0|    8|          4|
    |config_addr_9_reg_556   |   4|   0|    8|          4|
    |config_load_1_reg_674   |  32|   0|   32|          0|
    |config_load_6_reg_659   |  32|   0|   32|          0|
    |config_load_7_reg_679   |  32|   0|   32|          0|
    |config_load_8_reg_684   |  32|   0|   32|          0|
    |config_load_9_reg_566   |  32|   0|   32|          0|
    |reg_206                 |  32|   0|   32|          0|
    |reg_211                 |  32|   0|   32|          0|
    |reg_215                 |  32|   0|   32|          0|
    |reg_221                 |  32|   0|   32|          0|
    |reg_226                 |  32|   0|   32|          0|
    |reg_232                 |  32|   0|   32|          0|
    |reg_237                 |  32|   0|   32|          0|
    |reg_242                 |  32|   0|   32|          0|
    |tmp_12_reg_721          |  32|   0|   32|          0|
    |tmp_14_reg_726          |  32|   0|   32|          0|
    |tmp_15_reg_530          |   5|   0|    9|          4|
    |tmp_2_reg_609           |  32|   0|   32|          0|
    +------------------------+----+----+-----+-----------+
    |Total                   | 683|   0|  719|         36|
    +------------------------+----+----+-----+-----------+



================================================================
== Interface
================================================================
* Summary: 
+-------------------+-----+-----+------------+---------------+--------------+
|     RTL Ports     | Dir | Bits|  Protocol  | Source Object |    C Type    |
+-------------------+-----+-----+------------+---------------+--------------+
|ap_clk             |  in |    1| ap_ctrl_hs |   effect_iir  | return value |
|ap_rst             |  in |    1| ap_ctrl_hs |   effect_iir  | return value |
|ap_start           |  in |    1| ap_ctrl_hs |   effect_iir  | return value |
|ap_done            | out |    1| ap_ctrl_hs |   effect_iir  | return value |
|ap_idle            | out |    1| ap_ctrl_hs |   effect_iir  | return value |
|ap_ready           | out |    1| ap_ctrl_hs |   effect_iir  | return value |
|ap_return_0        | out |   32| ap_ctrl_hs |   effect_iir  | return value |
|ap_return_1        | out |   32| ap_ctrl_hs |   effect_iir  | return value |
|inData_l           |  in |   32|   ap_none  |    inData_l   |    scalar    |
|inData_r           |  in |   32|   ap_none  |    inData_r   |    scalar    |
|config_r_address0  | out |    8|  ap_memory |    config_r   |     array    |
|config_r_ce0       | out |    1|  ap_memory |    config_r   |     array    |
|config_r_we0       | out |    1|  ap_memory |    config_r   |     array    |
|config_r_d0        | out |   32|  ap_memory |    config_r   |     array    |
|config_r_q0        |  in |   32|  ap_memory |    config_r   |     array    |
|config_offset      |  in |    5|   ap_none  | config_offset |    scalar    |
+-------------------+-----+-----+------------+---------------+--------------+

